// Jest Snapshot v1, https://goo.gl/fbAQLP

exports[`renders correctly 1`] = `
<View
  style={
    Object {
      "flex": 1,
    }
  }
>
  <RNCWKWebView
    messagingEnabled={false}
    onLoadingError={[Function]}
    onLoadingFinish={[Function]}
    onLoadingProgress={[Function]}
    onLoadingStart={[Function]}
    onMessage={[Function]}
    onShouldStartLoadWithRequest={[Function]}
    scalesPageToFit={true}
    source={
      Object {
        "uri": "http://www.google.com",
      }
    }
    style={
      Array [
        Object {
          "flex": 1,
        },
        Object {
          "backgroundColor": "#ffffff",
        },
        Object {
          "flex": 1,
        },
        Object {
          "flex": 0,
          "height": 0,
        },
      ]
    }
  />
  <View
    style={
      Object {
        "alignItems": "center",
        "backgroundColor": "rgba(255,255,255,0.8)",
        "flex": 1,
        "height": 100,
        "justifyContent": "center",
      }
    }
  >
    <ActivityIndicator
      animating={true}
      color="#999999"
      hidesWhenStopped={true}
      size="small"
    />
  </View>
</View>
`;
